// Jest Snapshot v1, https://goo.gl/fbAQLP

exports[`should render expenseListItem with fixture data 1`] = `
<div>
  <Link
    replace={false}
    to="/edit/2"
  >
    <h3>
      Rent
    </h3>
  </Link>
  <p>
    kr 1 095,00
     -
     
    Dec 28th, 1969
  </p>
</div>
`;
